// Jest Snapshot v1, https://goo.gl/fbAQLP

exports[`convertEntitiesToDotLanguage. should convert mock to a valid dot file 1`] = `
"digraph 1 {
  \\"users\\" [ shape =record, label = \\"{users | __v : number\\\\l_id : objectId\\\\lname : string}\\" ];
  \\"photos\\" [ shape =record, label = \\"{photos | __v : number\\\\l_id : objectId\\\\ltitle : string\\\\luser : objectId}\\" ];
  \\"usergroups\\" [ shape =record, label = \\"{usergroups | __v : number\\\\l_id : objectId\\\\lname : string\\\\lusers : objectId}\\" ];
  \\"users\\" -> \\"users\\";
  \\"photos\\" -> \\"photos\\";
  \\"photos\\" -> \\"users\\";
  \\"usergroups\\" -> \\"usergroups\\";
  \\"usergroups\\" -> \\"users\\";
}
"
`;
